supabase/functions/ingest-nyiso/index.ts(13,30): error TS2307: Cannot find module 'https://esm.sh/@supabase/supabase-js@2' or its corresponding type declarations.
supabase/functions/ingest-nyiso/index.ts(81,1): error TS2304: Cannot find name 'Deno'.
supabase/functions/ingest-nyiso/index.ts(125,7): error TS2304: Cannot find name 'Deno'.
supabase/functions/ingest-nyiso/index.ts(126,7): error TS2304: Cannot find name 'Deno'.
